keytool -importkeystore -srckeystore mykeys.jks -deststoretype PKCS12 -srcstorepass MakeAzerothGreatAgain -deststorepass MakeAzerothGreatAgain123 -destkeypass MakeAzerothGreatAgain123 


Explanation: below is the chain of CMD commends originaited from the book guide and then following the keytool suggestion to convert to PKCS12.
I had a problem converting to PKCS12 so I used the help from:https://stackoverflow.com/questions/36197143/extract-pkcs12-file-from-java-keystore-while-changing-the-password-using-keytool
which gave me the above commend that worked.
tomcat password is RETURN.






Microsoft Windows [Version 10.0.17763.316]
(c) 2018 Microsoft Corporation. All rights reserved.

C:\Users\owner> keytool -keystore mykeys.jks -genkey -alias tomcat -keyalg RSA
Enter keystore password:
Re-enter new password:
They don't match. Try again
Enter keystore password:
Re-enter new password:
What is your first and last name?
  [Unknown]:  Nir Gilad
What is the name of your organizational unit?
  [Unknown]:  taco-cloud
What is the name of your organization?
  [Unknown]:  nir-taco
What is the name of your City or Locality?
  [Unknown]:  Dead Sea
What is the name of your State or Province?
  [Unknown]:  Israel
What is the two-letter country code for this unit?
  [Unknown]:  IL
Is CN=Nir Gilad, OU=taco-cloud, O=nir-taco, L=Dead Sea, ST=Israel, C=IL correct?
  [no]:  yes

Enter key password for <tomcat>
        (RETURN if same as keystore password):
Re-enter new password:

Warning:
The JKS keystore uses a proprietary format. It is recommended to migrate to PKCS12 which is an industry standard format using "keytool -importkeystore -srckeystore mykeys.jks -destkeystore mykeys.jks -deststoretype pkcs12".

C:\Users\owner>keytool -importkeystore -srckeystore mykeys.jks -destkeystore mykeys.jks -deststoretype pkcs12
Enter source keystore password:
Enter key password for <tomcat>
keytool error: java.security.UnrecoverableKeyException: Cannot recover key

C:\Users\owner>keytool -importkeystore -srckeystore mykeys.jks -destkeystore mykeys.jks -deststoretype pkcs12
Enter source keystore password:
keytool error: java.io.IOException: Keystore was tampered with, or password was incorrect

C:\Users\owner>keytool -importkeystore -srckeystore mykeys.jks -destkeystore mykeys.jks -deststoretype pkcs12
Enter source keystore password:
Enter key password for <tomcat>
keytool error: java.lang.Exception: The destination pkcs12 keystore has different storepass and keypass. Please retry with -destkeypass specified.

C:\Users\owner>keytool -importkeystore -srckeystore myKeystore.jks -deststoretype PKCS12 -srcstorepass MakeAzerothGreatAgain -deststorepass MakeAzerothGreatAgain123 -destkeypass MakeAzerothGreatAgain123
Importing keystore myKeystore.jks to C:\Users\owner\.keystore...
keytool error: java.io.FileNotFoundException: myKeystore.jks (The system cannot find the file specified)

C:\Users\owner>keytool -importkeystore -srckeystore mykeys.jks -deststoretype PKCS12 -srcstorepass MakeAzerothGreatAgain -deststorepass MakeAzerothGreatAgain123 -destkeypass MakeAzerothGreatAgain123
Importing keystore mykeys.jks to C:\Users\owner\.keystore...
Enter key password for <tomcat>
Entry for alias tomcat successfully imported.
Import command completed:  1 entries successfully imported, 0 entries failed or cancelled

C:\Users\owner>